```json
{
  "title": "Beste slimme thermostaten 2026 voor Nederlandse huishoudens",
  "description": "Vergelijk de top slimme thermostaten in Nederland 2026. Welke thermostaat bespaart het meest op energiekosten en past het beste bij jouw situatie?",
  "category": "huis-tuin",
  "rating": 4.3,
  "priceRange": "€150-€500 eenmalig",
  "pros": ["Energiebesparing tot 30%", "Eenvoudige installatie en app", "Integratie met slimme huissystemen"],
  "cons": ["Initieel hoge aanschafkosten", "Mogelijke privacy risico's", "Afhankelijk van internetconnectie"],
  "affiliateLinks": ["https://www.beehiiv.com/", "https://taskade.com/?via=55nfr2"],
  "featuredTool": "Google Nest",
  "readingTime": "8 min",
  "tools": [
    {"name": "Google Nest", "verdict": "De slimste keuze voor Google-gebruikers en een intuïtieve leercurve.", "priceRange": "€180-€250", "bestFor": "Gebruikers die een complete, slimme ervaring zoeken en al in het Google-ecosysteem zitten.", "rating": 4.7, "affiliateLink": "https://example.com/nest"},
    {"name": "Tado", "verdict": "Uitblinker in energiebesparing en gedetailleerde controle per zone.", "priceRange": "€150-€280", "bestFor": "Energiebewuste huishoudens met meerdere kamers die gedetailleerde inzichten willen.", "rating": 4.5, "affiliateLink": "https://example.com/tado"},
    {"name": "Honeywell Home", "verdict": "Betrouwbare en robuuste optie, ideaal voor wie een solide basis zoekt zonder franje.", "priceRange": "€120-€200", "bestFor": "Huishoudens die een bewezen merk waarderen en eenvoudige functionaliteit zoeken.", "rating": 4.2, "affiliateLink": "https://example.com/honeywell"},
    {"name": "Netatmo", "verdict": "Stijlvol design en uitstekende HomeKit-integratie, met focus op gebruiksgemak.", "priceRange": "€150-€220", "bestFor": "Designliefhebbers en Apple HomeKit-gebruikers die multi-zone willen.", "rating": 4.4, "affiliateLink": "https://example.com/netatmo"},
    {"name": "Bosch Smart Home", "verdict": "Robuuste bouwkwaliteit en naadloze integratie binnen het Bosch Smart Home-ecosysteem.", "priceRange": "€180-€250", "bestFor": "Gebruikers die al Bosch Smart Home-apparaten hebben of een compleet systeem willen.", "rating": 4.3, "affiliateLink": "https://example.com/bosch"},
    {"name": "Eve", "verdict": "De privacy-vriendelijke keuze voor Apple HomeKit-puristen, met focus op lokale controle.", "priceRange": "€80-€150 per slimme radiatorknop", "bestFor": "Apple HomeKit-gebruikers die privacy hoog in het vaandel dragen en gedetailleerde zonecontrole willen.", "rating": 4.6, "affiliateLink": "https://example.com/eve"}
  ],
  "faq": [{"q": "Hoeveel energie kan ik besparen?", "a": "Gemiddeld 15-30% afhankelijk van gebruik en isolatie."}]
}
```
===BODY===
# Beste slimme thermostaten 2026 voor Nederlandse huishoudens

## Inleiding

In een wereld waarin energieprijzen onvoorspelbaar blijven en duurzaamheid steeds belangrijker wordt, is het optimaliseren van je energieverbruik in huis geen luxe meer, maar een slimme zet. Anno 2026 zijn slimme thermostaten geëvolueerd van eenvoudige programmeerbare apparaten tot geavanceerde AI-gedreven systemen die proactief inspelen op jouw levensstijl, weersomstandigheden en zelfs de energieprijzen van morgen. Ze zijn de onzichtbare dirigenten van je binnenklimaat, die zorgen voor comfort zonder onnodige verspilling.

Als tech-journalist duik ik dagelijks in de wereld van AI en slimme technologieën die ons leven gemakkelijker en efficiënter maken. Slimme thermostaten zijn hier een perfect voorbeeld van. Ze bieden niet alleen de belofte van aanzienlijke energiebesparingen, maar ook een ongekend niveau van comfort en controle, direct vanaf je smartphone. Of je nu een starter bent in een appartement of een gezin in een vrijstaande woning, de juiste slimme thermostaat kan een wereld van verschil maken.

Deze gids helpt je door de bomen het bos te zien in het landschap van slimme thermostaten, specifiek gericht op de Nederlandse markt in 2026. We vergelijken de meest prominente spelers en belichten hun sterke punten, zodat jij een weloverwogen keuze kunt maken die past bij jouw huishouden, verwarmingssysteem en budget.

## Snel advies

*   **Kies Google Nest** als je op zoek bent naar een intuïtieve, zelflerende thermostaat met een strak design en naadloze integratie in het Google-ecosysteem.
*   **Kies Tado** als energiebesparing prioriteit heeft, je gedetailleerde inzichten en controle per kamer wenst, en geofencing belangrijk vindt.
*   **Kies Eve (of Netatmo)** als je een Apple HomeKit-gebruiker bent die privacy hoog in het vaandel draagt en een modulaire, lokale controleoplossing zoekt.

## Vergelijking per aanbieder

### Google Nest Thermostaat (2026 Editie)

Google Nest blijft een van de meest herkenbare namen in de wereld van slimme thermostaten, en de 2026-editie bouwt voort op hun reputatie van gebruiksgemak en slimme functionaliteit. Nest Learning Thermostaten staan bekend om hun vermogen om te leren van jouw gedrag. Binnen enkele dagen na installatie begint het apparaat patronen te herkennen, zoals wanneer je thuiskomt of weggaat, en past het de temperatuur hier automatisch op aan. De AI-algoritmes zijn verder verfijnd om nog nauwkeuriger te anticiperen op externe factoren zoals weersvoorspellingen en zelfs de isolatiewaarde van je woning.

De integratie met het bredere Google Home-ecosysteem is naadloos. Je bedient de thermostaat eenvoudig met spraakopdrachten via Google Assistant en koppelt hem aan andere slimme apparaten. De installatie is over het algemeen eenvoudig, vaak een kwestie van de oude thermostaat vervangen en de Nest Heat Link (of Opentherm-module) aansluiten op